  Activating project at `/lustre/work/ws/ws1/hd_ku269-light_cones/LightCones`
Added MKL.jl
     Project LightCones v0.1.0
      Status `/lustre/work/ws/ws1/hd_ku269-light_cones/LightCones/Project.toml`
  [7d9fca2a] Arpack v0.5.3
  [d9af566e] FilteredMatrices v0.1.0 `https://github.com/pablosanjose/FilteredMatrices.jl.git#master`
  [7073ff75] IJulia v1.23.2
  [033835bb] JLD2 v0.4.17
  [0b1a1467] KrylovKit v0.5.3
  [d3d80556] LineSearches v7.1.1
  [429524aa] Optim v1.6.0
  [14b8a8f1] PkgTemplates v0.7.26
  [91a5bcdd] Plots v1.24.3
  [c3e4b0f8] Pluto v0.17.7
  [189a3867] Reexport v1.2.2
  [295af30f] Revise v3.3.1
  [6038ab10] Rotations v1.1.1
  [d0a720f3] SimLib v0.9.1 `https://github.com/abraemer/SimLib.jl.git#main`
  [ebcc8a00] SpinSymmetry v0.3.3
  [df0c8232] XXZNumerics v0.6.0 `https://github.com/abraemer/XXZNumerics.jl.git#main`
  [ade2ca70] Dates
  [8ba89e20] Distributed
  [37e2e46d] LinearAlgebra
  [de0858da] Printf
  [9a3f8284] Random
  [1a1011a3] SharedArrays
  [2f01184e] SparseArrays
  [10745b16] Statistics
shared_krylov.jl
Working Directory:          /lustre/work/ws/ws1/hd_ku269-light_cones/LightCones
SLURM Directory:            /lustre/work/ws/ws1/hd_ku269-light_cones/LightCones 
Running on host:            n1133
Job id:                     5189619
Job name:                   otoc_simulation_N14D
Number of nodes allocated:  
Number of cores allocated:  1
#threads of Julia:          96
#threads of BLAS:           1
ARGS = ["14", "10", "0", "z", "2"]
LOCATION = "/lustre/work/ws/ws1/hd_ku269-logs/LightCones/2022-03-03"
N = 14
SHOTS = 10
RANDOM_STATES = false
N_RANDOM_STATES = 0
OBSERVABLE = "z"
DISORDER_PARAM = 2.0
[2022-03-03T09:12:25.975]**********Running simulation**********
430.981851 seconds (38.31 M allocations: 1.178 TiB, 4.43% gc time, 3.83% compilation time)
[2022-03-03T09:19:40.276]Completed Shot 3
434.777768 seconds (38.46 M allocations: 1.191 TiB, 4.39% gc time, 3.81% compilation time)
[2022-03-03T09:19:44.004]Completed Shot 1
447.792407 seconds (16.30 M allocations: 1.279 TiB, 4.21% gc time, 1.12% compilation time)
[2022-03-03T09:20:08.575]Completed Shot 4
448.719262 seconds (16.34 M allocations: 1.282 TiB, 4.20% gc time, 1.12% compilation time)
[2022-03-03T09:20:09.500]Completed Shot 6
546.054472 seconds (43.06 M allocations: 1.597 TiB, 3.87% gc time, 3.04% compilation time)
[2022-03-03T09:21:35.287]Completed Shot 7
550.368780 seconds (20.49 M allocations: 1.648 TiB, 3.71% gc time, 0.91% compilation time)
[2022-03-03T09:21:51.205]Completed Shot 9
552.081567 seconds (20.53 M allocations: 1.653 TiB, 3.70% gc time, 0.91% compilation time)
[2022-03-03T09:21:52.928]Completed Shot 2
564.697044 seconds (43.73 M allocations: 1.656 TiB, 3.79% gc time, 2.94% compilation time)
[2022-03-03T09:21:53.929]Completed Shot 5
561.959263 seconds (20.68 M allocations: 1.665 TiB, 3.65% gc time, 0.89% compilation time)
[2022-03-03T09:22:02.786]Completed Shot 10
574.917530 seconds (20.70 M allocations: 1.667 TiB, 4.36% gc time, 0.87% compilation time)
[2022-03-03T09:22:15.731]Completed Shot 8
[2022-03-03T09:22:15.732]**********Simulation completed!**********
[2022-03-03T09:22:15.732]**********Saving**********
[2022-03-03T09:22:17.288]Saving file: /lustre/work/ws/ws1/hd_ku269-logs/LightCones/2022-03-03/5189619_N14.jld2
[2022-03-03T09:22:20.449]**********Run completed!**********
